UPDATE tellimus SET `autojuhi FK` =Chuck Norris, `auto registri FK` =555 EEEwhere id =23